
========================================================================
  STARTING PIPELINE: Source=FD002, Seed=0
========================================================================
  Device: cpu
  [1/4] Scaler fit on 182 source_train engines and saved to scaler.pkl
  Windows: train=32,747, val=6,698, heldout=6,774

  [2/4] Training Baseline GRU (supervised on source_train, early stopping on val RMSE)...
  ✓ Baseline saved to baseline.pt (Runtime: 1798.63s, Best Val RMSE: 17.580)

  [3/4] Pretraining SSLModel on source_train windows only (mask=0.15, jitter=0.02, α=β=1.0)...
  ✓ SSL pretrained full model saved to ssl_pretrained_full.pt (Runtime: 12261.56s)

  [4/4] Fine-tuning copy of SSL encoder + RegressionHead end-to-end on source_train labels...
  ✓ SSL fine-tuned model saved to ssl_finetuned.pt (Runtime: 3075.07s, Best Val RMSE: 18.502)

  [Evaluation] Evaluating models on source_val, source_heldout, and matching targets...

  Evaluation Results Summary:
scenario source target  seed         model          split  n_windows    MAE   RMSE  degenerate
    none  FD002  FD002     0      baseline            val       6698 13.222 17.580       False
ID_FD002  FD002  FD002     0      baseline source_heldout       6774 14.659 19.116       False
 FAULT_2  FD002  FD004     0      baseline         target      54028 18.978 30.075       False
    none  FD002  FD002     0 ssl_finetuned            val       6698 14.429 18.502       False
ID_FD002  FD002  FD002     0 ssl_finetuned source_heldout       6774 15.788 19.949       False
 FAULT_2  FD002  FD004     0 ssl_finetuned         target      54028 19.804 30.098       False
ID_FD002  FD002  FD002     0      constant source_heldout       6774 36.802 42.426       False
 FAULT_2  FD002  FD004     0      constant         target      54028 36.955 41.505       False
  ✓ Metrics saved/updated in C:\Users\khush\OneDrive\Desktop\Shift-TS\results\step4_metrics.csv
========================================================================
  PIPELINE FINISHED: Source=FD002, Seed=0
========================================================================
